Info: *******************************************************************
Info: Running Quartus Prime Shell
    Info: Version 17.0.2 Build 602 07/19/2017 SJ Lite Edition
    Info: Copyright (C) 2017  Intel Corporation. All rights reserved.
    Info: Your use of Intel Corporation's design tools, logic functions 
    Info: and other software and tools, and its AMPP partner logic 
    Info: functions, and any output files from any of the foregoing 
    Info: (including device programming or simulation files), and any 
    Info: associated documentation or information are expressly subject 
    Info: to the terms and conditions of the Intel Program License 
    Info: Subscription Agreement, the Intel Quartus Prime License Agreement,
    Info: the Intel MegaCore Function License Agreement, or other 
    Info: applicable license agreement, including, without limitation, 
    Info: that your use is for the sole purpose of programming logic 
    Info: devices manufactured by Intel and sold by Intel or its 
    Info: authorized distributors.  Please refer to the applicable 
    Info: agreement for further details.
    Info: Processing started: Sun Jul  5 18:11:01 2026
Info: Command: quartus_sh --flow compile aclk_sta
Info: Quartus(args): compile aclk_sta
Info: Project Name = /mnt/c/git/Groovy_MiSTer/sim/aclk_sta/aclk_sta
Info: Revision Name = aclk_sta
Info: *******************************************************************
Info: Running Quartus Prime Analysis & Synthesis
    Info: Version 17.0.2 Build 602 07/19/2017 SJ Lite Edition
    Info: Processing started: Sun Jul  5 18:11:02 2026
Info: Command: quartus_map --read_settings_files=on --write_settings_files=off aclk_sta -c aclk_sta
Warning (18236): Number of processors has not been specified which may cause overloading on shared machines.  Set the global assignment NUM_PARALLEL_PROCESSORS in your QSF to an appropriate value for best performance.
Info (20030): Parallel compilation is enabled and will use 8 of the 8 processors detected
Info (12021): Found 1 design units, including 1 entities, in source file /mnt/c/git/Groovy_MiSTer/rtl/nlc_decode_ddr.v
    Info (12023): Found entity 1: nlc_decode_ddr File: /mnt/c/git/Groovy_MiSTer/rtl/nlc_decode_ddr.v Line: 25
Info (12021): Found 1 design units, including 1 entities, in source file /mnt/c/git/Groovy_MiSTer/rtl/nlc_plane_core.v
    Info (12023): Found entity 1: nlc_plane_core File: /mnt/c/git/Groovy_MiSTer/rtl/nlc_plane_core.v Line: 18
Info (12127): Elaborating entity "nlc_decode_ddr" for the top level hierarchy
Info (12128): Elaborating entity "nlc_plane_core" for hierarchy "nlc_plane_core:coreY" File: /mnt/c/git/Groovy_MiSTer/rtl/nlc_decode_ddr.v Line: 173
Info (10264): Verilog HDL Case Statement information at nlc_plane_core.v(110): all case item expressions in this case statement are onehot File: /mnt/c/git/Groovy_MiSTer/rtl/nlc_plane_core.v Line: 110
Warning (10230): Verilog HDL assignment warning at nlc_plane_core.v(137): truncated value with size 32 to match size of target (16) File: /mnt/c/git/Groovy_MiSTer/rtl/nlc_plane_core.v Line: 137
Info (12128): Elaborating entity "nlc_plane_core" for hierarchy "nlc_plane_core:coreCo" File: /mnt/c/git/Groovy_MiSTer/rtl/nlc_decode_ddr.v Line: 178
Info (10264): Verilog HDL Case Statement information at nlc_plane_core.v(110): all case item expressions in this case statement are onehot File: /mnt/c/git/Groovy_MiSTer/rtl/nlc_plane_core.v Line: 110
Warning (10230): Verilog HDL assignment warning at nlc_plane_core.v(137): truncated value with size 32 to match size of target (16) File: /mnt/c/git/Groovy_MiSTer/rtl/nlc_plane_core.v Line: 137
Info (12128): Elaborating entity "nlc_plane_core" for hierarchy "nlc_plane_core:coreCg" File: /mnt/c/git/Groovy_MiSTer/rtl/nlc_decode_ddr.v Line: 183
Info (10264): Verilog HDL Case Statement information at nlc_plane_core.v(110): all case item expressions in this case statement are onehot File: /mnt/c/git/Groovy_MiSTer/rtl/nlc_plane_core.v Line: 110
Warning (10230): Verilog HDL assignment warning at nlc_plane_core.v(137): truncated value with size 32 to match size of target (16) File: /mnt/c/git/Groovy_MiSTer/rtl/nlc_plane_core.v Line: 137
Info (19000): Inferred 8 megafunctions from design logic
    Info (276029): Inferred altsyncram megafunction from the following design logic: "ififo_rtl_0" 
        Info (286033): Parameter OPERATION_MODE set to DUAL_PORT
        Info (286033): Parameter WIDTH_A set to 64
        Info (286033): Parameter WIDTHAD_A set to 8
        Info (286033): Parameter NUMWORDS_A set to 256
        Info (286033): Parameter WIDTH_B set to 64
        Info (286033): Parameter WIDTHAD_B set to 8
        Info (286033): Parameter NUMWORDS_B set to 256
        Info (286033): Parameter ADDRESS_ACLR_A set to NONE
        Info (286033): Parameter OUTDATA_REG_B set to UNREGISTERED
        Info (286033): Parameter ADDRESS_ACLR_B set to NONE
        Info (286033): Parameter OUTDATA_ACLR_B set to NONE
        Info (286033): Parameter ADDRESS_REG_B set to CLOCK0
        Info (286033): Parameter INDATA_ACLR_A set to NONE
        Info (286033): Parameter WRCONTROL_ACLR_A set to NONE
        Info (286033): Parameter RAM_BLOCK_TYPE set to M10K
        Info (286033): Parameter READ_DURING_WRITE_MODE_MIXED_PORTS set to OLD_DATA
    Info (276029): Inferred altsyncram megafunction from the following design logic: "ofifo_rtl_0" 
        Info (286033): Parameter OPERATION_MODE set to DUAL_PORT
        Info (286033): Parameter WIDTH_A set to 64
        Info (286033): Parameter WIDTHAD_A set to 7
        Info (286033): Parameter NUMWORDS_A set to 128
        Info (286033): Parameter WIDTH_B set to 64
        Info (286033): Parameter WIDTHAD_B set to 7
        Info (286033): Parameter NUMWORDS_B set to 128
        Info (286033): Parameter ADDRESS_ACLR_A set to NONE
        Info (286033): Parameter OUTDATA_REG_B set to UNREGISTERED
        Info (286033): Parameter ADDRESS_ACLR_B set to NONE
        Info (286033): Parameter OUTDATA_ACLR_B set to NONE
        Info (286033): Parameter ADDRESS_REG_B set to CLOCK0
        Info (286033): Parameter INDATA_ACLR_A set to NONE
        Info (286033): Parameter WRCONTROL_ACLR_A set to NONE
        Info (286033): Parameter RAM_BLOCK_TYPE set to M10K
        Info (286033): Parameter READ_DURING_WRITE_MODE_MIXED_PORTS set to OLD_DATA
        Info (286033): Parameter RDCONTROL_REG_B set to CLOCK0
    Info (276029): Inferred altsyncram megafunction from the following design logic: "nlc_plane_core:coreCg|seg_rtl_0" 
        Info (286033): Parameter OPERATION_MODE set to DUAL_PORT
        Info (286033): Parameter WIDTH_A set to 64
        Info (286033): Parameter WIDTHAD_A set to 8
        Info (286033): Parameter NUMWORDS_A set to 256
        Info (286033): Parameter WIDTH_B set to 64
        Info (286033): Parameter WIDTHAD_B set to 8
        Info (286033): Parameter NUMWORDS_B set to 256
        Info (286033): Parameter ADDRESS_ACLR_A set to NONE
        Info (286033): Parameter OUTDATA_REG_B set to UNREGISTERED
        Info (286033): Parameter ADDRESS_ACLR_B set to NONE
        Info (286033): Parameter OUTDATA_ACLR_B set to NONE
        Info (286033): Parameter ADDRESS_REG_B set to CLOCK0
        Info (286033): Parameter INDATA_ACLR_A set to NONE
        Info (286033): Parameter WRCONTROL_ACLR_A set to NONE
        Info (286033): Parameter RAM_BLOCK_TYPE set to M10K
        Info (286033): Parameter READ_DURING_WRITE_MODE_MIXED_PORTS set to OLD_DATA
    Info (276029): Inferred altsyncram megafunction from the following design logic: "nlc_plane_core:coreCg|bufP_rtl_0" 
        Info (286033): Parameter OPERATION_MODE set to DUAL_PORT
        Info (286033): Parameter WIDTH_A set to 12
        Info (286033): Parameter WIDTHAD_A set to 11
        Info (286033): Parameter NUMWORDS_A set to 1440
        Info (286033): Parameter WIDTH_B set to 12
        Info (286033): Parameter WIDTHAD_B set to 11
        Info (286033): Parameter NUMWORDS_B set to 1440
        Info (286033): Parameter ADDRESS_ACLR_A set to NONE
        Info (286033): Parameter OUTDATA_REG_B set to UNREGISTERED
        Info (286033): Parameter ADDRESS_ACLR_B set to NONE
        Info (286033): Parameter OUTDATA_ACLR_B set to NONE
        Info (286033): Parameter ADDRESS_REG_B set to CLOCK0
        Info (286033): Parameter INDATA_ACLR_A set to NONE
        Info (286033): Parameter WRCONTROL_ACLR_A set to NONE
        Info (286033): Parameter RAM_BLOCK_TYPE set to M10K
        Info (286033): Parameter READ_DURING_WRITE_MODE_MIXED_PORTS set to OLD_DATA
    Info (276029): Inferred altsyncram megafunction from the following design logic: "nlc_plane_core:coreCo|seg_rtl_0" 
        Info (286033): Parameter OPERATION_MODE set to DUAL_PORT
        Info (286033): Parameter WIDTH_A set to 64
        Info (286033): Parameter WIDTHAD_A set to 8
        Info (286033): Parameter NUMWORDS_A set to 256
        Info (286033): Parameter WIDTH_B set to 64
        Info (286033): Parameter WIDTHAD_B set to 8
        Info (286033): Parameter NUMWORDS_B set to 256
        Info (286033): Parameter ADDRESS_ACLR_A set to NONE
        Info (286033): Parameter OUTDATA_REG_B set to UNREGISTERED
        Info (286033): Parameter ADDRESS_ACLR_B set to NONE
        Info (286033): Parameter OUTDATA_ACLR_B set to NONE
        Info (286033): Parameter ADDRESS_REG_B set to CLOCK0
        Info (286033): Parameter INDATA_ACLR_A set to NONE
        Info (286033): Parameter WRCONTROL_ACLR_A set to NONE
        Info (286033): Parameter RAM_BLOCK_TYPE set to M10K
        Info (286033): Parameter READ_DURING_WRITE_MODE_MIXED_PORTS set to OLD_DATA
    Info (276029): Inferred altsyncram megafunction from the following design logic: "nlc_plane_core:coreCo|bufP_rtl_0" 
        Info (286033): Parameter OPERATION_MODE set to DUAL_PORT
        Info (286033): Parameter WIDTH_A set to 12
        Info (286033): Parameter WIDTHAD_A set to 11
        Info (286033): Parameter NUMWORDS_A set to 1440
        Info (286033): Parameter WIDTH_B set to 12
        Info (286033): Parameter WIDTHAD_B set to 11
        Info (286033): Parameter NUMWORDS_B set to 1440
        Info (286033): Parameter ADDRESS_ACLR_A set to NONE
        Info (286033): Parameter OUTDATA_REG_B set to UNREGISTERED
        Info (286033): Parameter ADDRESS_ACLR_B set to NONE
        Info (286033): Parameter OUTDATA_ACLR_B set to NONE
        Info (286033): Parameter ADDRESS_REG_B set to CLOCK0
        Info (286033): Parameter INDATA_ACLR_A set to NONE
        Info (286033): Parameter WRCONTROL_ACLR_A set to NONE
        Info (286033): Parameter RAM_BLOCK_TYPE set to M10K
        Info (286033): Parameter READ_DURING_WRITE_MODE_MIXED_PORTS set to OLD_DATA
    Info (276029): Inferred altsyncram megafunction from the following design logic: "nlc_plane_core:coreY|seg_rtl_0" 
        Info (286033): Parameter OPERATION_MODE set to DUAL_PORT
        Info (286033): Parameter WIDTH_A set to 64
        Info (286033): Parameter WIDTHAD_A set to 8
        Info (286033): Parameter NUMWORDS_A set to 256
        Info (286033): Parameter WIDTH_B set to 64
        Info (286033): Parameter WIDTHAD_B set to 8
        Info (286033): Parameter NUMWORDS_B set to 256
        Info (286033): Parameter ADDRESS_ACLR_A set to NONE
        Info (286033): Parameter OUTDATA_REG_B set to UNREGISTERED
        Info (286033): Parameter ADDRESS_ACLR_B set to NONE
        Info (286033): Parameter OUTDATA_ACLR_B set to NONE
        Info (286033): Parameter ADDRESS_REG_B set to CLOCK0
        Info (286033): Parameter INDATA_ACLR_A set to NONE
        Info (286033): Parameter WRCONTROL_ACLR_A set to NONE
        Info (286033): Parameter RAM_BLOCK_TYPE set to M10K
        Info (286033): Parameter READ_DURING_WRITE_MODE_MIXED_PORTS set to OLD_DATA
    Info (276029): Inferred altsyncram megafunction from the following design logic: "nlc_plane_core:coreY|bufP_rtl_0" 
        Info (286033): Parameter OPERATION_MODE set to DUAL_PORT
        Info (286033): Parameter WIDTH_A set to 12
        Info (286033): Parameter WIDTHAD_A set to 11
        Info (286033): Parameter NUMWORDS_A set to 1440
        Info (286033): Parameter WIDTH_B set to 12
        Info (286033): Parameter WIDTHAD_B set to 11
        Info (286033): Parameter NUMWORDS_B set to 1440
        Info (286033): Parameter ADDRESS_ACLR_A set to NONE
        Info (286033): Parameter OUTDATA_REG_B set to UNREGISTERED
        Info (286033): Parameter ADDRESS_ACLR_B set to NONE
        Info (286033): Parameter OUTDATA_ACLR_B set to NONE
        Info (286033): Parameter ADDRESS_REG_B set to CLOCK0
        Info (286033): Parameter INDATA_ACLR_A set to NONE
        Info (286033): Parameter WRCONTROL_ACLR_A set to NONE
        Info (286033): Parameter RAM_BLOCK_TYPE set to M10K
        Info (286033): Parameter READ_DURING_WRITE_MODE_MIXED_PORTS set to OLD_DATA
Info (12130): Elaborated megafunction instantiation "altsyncram:ififo_rtl_0"
Info (12133): Instantiated megafunction "altsyncram:ififo_rtl_0" with the following parameter:
    Info (12134): Parameter "OPERATION_MODE" = "DUAL_PORT"
    Info (12134): Parameter "WIDTH_A" = "64"
    Info (12134): Parameter "WIDTHAD_A" = "8"
    Info (12134): Parameter "NUMWORDS_A" = "256"
    Info (12134): Parameter "WIDTH_B" = "64"
    Info (12134): Parameter "WIDTHAD_B" = "8"
    Info (12134): Parameter "NUMWORDS_B" = "256"
    Info (12134): Parameter "ADDRESS_ACLR_A" = "NONE"
    Info (12134): Parameter "OUTDATA_REG_B" = "UNREGISTERED"
    Info (12134): Parameter "ADDRESS_ACLR_B" = "NONE"
    Info (12134): Parameter "OUTDATA_ACLR_B" = "NONE"
    Info (12134): Parameter "ADDRESS_REG_B" = "CLOCK0"
    Info (12134): Parameter "INDATA_ACLR_A" = "NONE"
    Info (12134): Parameter "WRCONTROL_ACLR_A" = "NONE"
    Info (12134): Parameter "RAM_BLOCK_TYPE" = "M10K"
    Info (12134): Parameter "READ_DURING_WRITE_MODE_MIXED_PORTS" = "OLD_DATA"
Info (12021): Found 1 design units, including 1 entities, in source file db/altsyncram_34p1.tdf
    Info (12023): Found entity 1: altsyncram_34p1 File: /mnt/c/git/Groovy_MiSTer/sim/aclk_sta/db/altsyncram_34p1.tdf Line: 28
Info (12130): Elaborated megafunction instantiation "altsyncram:ofifo_rtl_0"
Info (12133): Instantiated megafunction "altsyncram:ofifo_rtl_0" with the following parameter:
    Info (12134): Parameter "OPERATION_MODE" = "DUAL_PORT"
    Info (12134): Parameter "WIDTH_A" = "64"
    Info (12134): Parameter "WIDTHAD_A" = "7"
    Info (12134): Parameter "NUMWORDS_A" = "128"
    Info (12134): Parameter "WIDTH_B" = "64"
    Info (12134): Parameter "WIDTHAD_B" = "7"
    Info (12134): Parameter "NUMWORDS_B" = "128"
    Info (12134): Parameter "ADDRESS_ACLR_A" = "NONE"
    Info (12134): Parameter "OUTDATA_REG_B" = "UNREGISTERED"
    Info (12134): Parameter "ADDRESS_ACLR_B" = "NONE"
    Info (12134): Parameter "OUTDATA_ACLR_B" = "NONE"
    Info (12134): Parameter "ADDRESS_REG_B" = "CLOCK0"
    Info (12134): Parameter "INDATA_ACLR_A" = "NONE"
    Info (12134): Parameter "WRCONTROL_ACLR_A" = "NONE"
    Info (12134): Parameter "RAM_BLOCK_TYPE" = "M10K"
    Info (12134): Parameter "READ_DURING_WRITE_MODE_MIXED_PORTS" = "OLD_DATA"
    Info (12134): Parameter "RDCONTROL_REG_B" = "CLOCK0"
Info (12021): Found 1 design units, including 1 entities, in source file db/altsyncram_p0s1.tdf
    Info (12023): Found entity 1: altsyncram_p0s1 File: /mnt/c/git/Groovy_MiSTer/sim/aclk_sta/db/altsyncram_p0s1.tdf Line: 28
Info (12130): Elaborated megafunction instantiation "nlc_plane_core:coreCg|altsyncram:bufP_rtl_0"
Info (12133): Instantiated megafunction "nlc_plane_core:coreCg|altsyncram:bufP_rtl_0" with the following parameter:
    Info (12134): Parameter "OPERATION_MODE" = "DUAL_PORT"
    Info (12134): Parameter "WIDTH_A" = "12"
    Info (12134): Parameter "WIDTHAD_A" = "11"
    Info (12134): Parameter "NUMWORDS_A" = "1440"
    Info (12134): Parameter "WIDTH_B" = "12"
    Info (12134): Parameter "WIDTHAD_B" = "11"
    Info (12134): Parameter "NUMWORDS_B" = "1440"
    Info (12134): Parameter "ADDRESS_ACLR_A" = "NONE"
    Info (12134): Parameter "OUTDATA_REG_B" = "UNREGISTERED"
    Info (12134): Parameter "ADDRESS_ACLR_B" = "NONE"
    Info (12134): Parameter "OUTDATA_ACLR_B" = "NONE"
    Info (12134): Parameter "ADDRESS_REG_B" = "CLOCK0"
    Info (12134): Parameter "INDATA_ACLR_A" = "NONE"
    Info (12134): Parameter "WRCONTROL_ACLR_A" = "NONE"
    Info (12134): Parameter "RAM_BLOCK_TYPE" = "M10K"
    Info (12134): Parameter "READ_DURING_WRITE_MODE_MIXED_PORTS" = "OLD_DATA"
Info (12021): Found 1 design units, including 1 entities, in source file db/altsyncram_19p1.tdf
    Info (12023): Found entity 1: altsyncram_19p1 File: /mnt/c/git/Groovy_MiSTer/sim/aclk_sta/db/altsyncram_19p1.tdf Line: 28
Warning (13024): Output pins are stuck at VCC or GND
    Warning (13410): Pin "uncompressed_bytes[0]" is stuck at GND File: /mnt/c/git/Groovy_MiSTer/rtl/nlc_decode_ddr.v Line: 271
    Warning (13410): Pin "uncompressed_bytes[1]" is stuck at GND File: /mnt/c/git/Groovy_MiSTer/rtl/nlc_decode_ddr.v Line: 271
    Warning (13410): Pin "uncompressed_bytes[2]" is stuck at GND File: /mnt/c/git/Groovy_MiSTer/rtl/nlc_decode_ddr.v Line: 271
    Warning (13410): Pin "writed_bytes[0]" is stuck at GND File: /mnt/c/git/Groovy_MiSTer/rtl/nlc_decode_ddr.v Line: 94
    Warning (13410): Pin "writed_bytes[1]" is stuck at GND File: /mnt/c/git/Groovy_MiSTer/rtl/nlc_decode_ddr.v Line: 94
    Warning (13410): Pin "writed_bytes[2]" is stuck at GND File: /mnt/c/git/Groovy_MiSTer/rtl/nlc_decode_ddr.v Line: 94
    Warning (13410): Pin "readed_bytes[0]" is stuck at GND File: /mnt/c/git/Groovy_MiSTer/rtl/nlc_decode_ddr.v Line: 94
    Warning (13410): Pin "readed_bytes[1]" is stuck at GND File: /mnt/c/git/Groovy_MiSTer/rtl/nlc_decode_ddr.v Line: 94
    Warning (13410): Pin "readed_bytes[2]" is stuck at GND File: /mnt/c/git/Groovy_MiSTer/rtl/nlc_decode_ddr.v Line: 94
Info (286030): Timing-Driven Synthesis is running
Info (17049): 10 registers lost all their fanouts during netlist optimizations.
Info (144001): Generated suppressed messages file /mnt/c/git/Groovy_MiSTer/sim/aclk_sta/output_files/aclk_sta.map.smsg
Info (16010): Generating hard_block partition "hard_block:auto_generated_inst"
    Info (16011): Adding 0 node(s), including 0 DDIO, 0 PLL, 0 transceiver and 0 LCELL
Critical Warning (15725): clock port is fed by virtual pin "clk~input"; timing analysis treats input to the clock port as a ripple clock
Info (15717): Design contains 275 virtual pins; timing numbers associated with paths containing virtual pins are estimates
    Info (15719): Pin "write_ready" is virtual output pin File: /mnt/c/git/Groovy_MiSTer/rtl/nlc_decode_ddr.v Line: 40
    Info (15719): Pin "uncompressed_long[0]" is virtual output pin File: /mnt/c/git/Groovy_MiSTer/rtl/nlc_decode_ddr.v Line: 271
    Info (15719): Pin "uncompressed_long[1]" is virtual output pin File: /mnt/c/git/Groovy_MiSTer/rtl/nlc_decode_ddr.v Line: 271
    Info (15719): Pin "uncompressed_long[2]" is virtual output pin File: /mnt/c/git/Groovy_MiSTer/rtl/nlc_decode_ddr.v Line: 271
    Info (15719): Pin "uncompressed_long[3]" is virtual output pin File: /mnt/c/git/Groovy_MiSTer/rtl/nlc_decode_ddr.v Line: 271
    Info (15719): Pin "uncompressed_long[4]" is virtual output pin File: /mnt/c/git/Groovy_MiSTer/rtl/nlc_decode_ddr.v Line: 271
    Info (15719): Pin "uncompressed_long[5]" is virtual output pin File: /mnt/c/git/Groovy_MiSTer/rtl/nlc_decode_ddr.v Line: 271
    Info (15719): Pin "uncompressed_long[6]" is virtual output pin File: /mnt/c/git/Groovy_MiSTer/rtl/nlc_decode_ddr.v Line: 271
    Info (15719): Pin "uncompressed_long[7]" is virtual output pin File: /mnt/c/git/Groovy_MiSTer/rtl/nlc_decode_ddr.v Line: 271
    Info (15719): Pin "uncompressed_long[8]" is virtual output pin File: /mnt/c/git/Groovy_MiSTer/rtl/nlc_decode_ddr.v Line: 271
    Info (15719): Pin "uncompressed_long[9]" is virtual output pin File: /mnt/c/git/Groovy_MiSTer/rtl/nlc_decode_ddr.v Line: 271
    Info (15719): Pin "uncompressed_long[10]" is virtual output pin File: /mnt/c/git/Groovy_MiSTer/rtl/nlc_decode_ddr.v Line: 271
    Info (15719): Pin "uncompressed_long[11]" is virtual output pin File: /mnt/c/git/Groovy_MiSTer/rtl/nlc_decode_ddr.v Line: 271
    Info (15719): Pin "uncompressed_long[12]" is virtual output pin File: /mnt/c/git/Groovy_MiSTer/rtl/nlc_decode_ddr.v Line: 271
    Info (15719): Pin "uncompressed_long[13]" is virtual output pin File: /mnt/c/git/Groovy_MiSTer/rtl/nlc_decode_ddr.v Line: 271
    Info (15719): Pin "uncompressed_long[14]" is virtual output pin File: /mnt/c/git/Groovy_MiSTer/rtl/nlc_decode_ddr.v Line: 271
    Info (15719): Pin "uncompressed_long[15]" is virtual output pin File: /mnt/c/git/Groovy_MiSTer/rtl/nlc_decode_ddr.v Line: 271
    Info (15719): Pin "uncompressed_long[16]" is virtual output pin File: /mnt/c/git/Groovy_MiSTer/rtl/nlc_decode_ddr.v Line: 271
    Info (15719): Pin "uncompressed_long[17]" is virtual output pin File: /mnt/c/git/Groovy_MiSTer/rtl/nlc_decode_ddr.v Line: 271
    Info (15719): Pin "uncompressed_long[18]" is virtual output pin File: /mnt/c/git/Groovy_MiSTer/rtl/nlc_decode_ddr.v Line: 271
    Info (15719): Pin "uncompressed_long[19]" is virtual output pin File: /mnt/c/git/Groovy_MiSTer/rtl/nlc_decode_ddr.v Line: 271
    Info (15719): Pin "uncompressed_long[20]" is virtual output pin File: /mnt/c/git/Groovy_MiSTer/rtl/nlc_decode_ddr.v Line: 271
    Info (15719): Pin "uncompressed_long[21]" is virtual output pin File: /mnt/c/git/Groovy_MiSTer/rtl/nlc_decode_ddr.v Line: 271
    Info (15719): Pin "uncompressed_long[22]" is virtual output pin File: /mnt/c/git/Groovy_MiSTer/rtl/nlc_decode_ddr.v Line: 271
    Info (15719): Pin "uncompressed_long[23]" is virtual output pin File: /mnt/c/git/Groovy_MiSTer/rtl/nlc_decode_ddr.v Line: 271
    Info (15719): Pin "uncompressed_long[24]" is virtual output pin File: /mnt/c/git/Groovy_MiSTer/rtl/nlc_decode_ddr.v Line: 271
    Info (15719): Pin "uncompressed_long[25]" is virtual output pin File: /mnt/c/git/Groovy_MiSTer/rtl/nlc_decode_ddr.v Line: 271
    Info (15719): Pin "uncompressed_long[26]" is virtual output pin File: /mnt/c/git/Groovy_MiSTer/rtl/nlc_decode_ddr.v Line: 271
    Info (15719): Pin "uncompressed_long[27]" is virtual output pin File: /mnt/c/git/Groovy_MiSTer/rtl/nlc_decode_ddr.v Line: 271
    Info (15719): Pin "uncompressed_long[28]" is virtual output pin File: /mnt/c/git/Groovy_MiSTer/rtl/nlc_decode_ddr.v Line: 271
    Info (15719): Pin "uncompressed_long[29]" is virtual output pin File: /mnt/c/git/Groovy_MiSTer/rtl/nlc_decode_ddr.v Line: 271
    Info (15719): Pin "uncompressed_long[30]" is virtual output pin File: /mnt/c/git/Groovy_MiSTer/rtl/nlc_decode_ddr.v Line: 271
    Info (15719): Pin "uncompressed_long[31]" is virtual output pin File: /mnt/c/git/Groovy_MiSTer/rtl/nlc_decode_ddr.v Line: 271
    Info (15719): Pin "uncompressed_long[32]" is virtual output pin File: /mnt/c/git/Groovy_MiSTer/rtl/nlc_decode_ddr.v Line: 271
    Info (15719): Pin "uncompressed_long[33]" is virtual output pin File: /mnt/c/git/Groovy_MiSTer/rtl/nlc_decode_ddr.v Line: 271
    Info (15719): Pin "uncompressed_long[34]" is virtual output pin File: /mnt/c/git/Groovy_MiSTer/rtl/nlc_decode_ddr.v Line: 271
    Info (15719): Pin "uncompressed_long[35]" is virtual output pin File: /mnt/c/git/Groovy_MiSTer/rtl/nlc_decode_ddr.v Line: 271
    Info (15719): Pin "uncompressed_long[36]" is virtual output pin File: /mnt/c/git/Groovy_MiSTer/rtl/nlc_decode_ddr.v Line: 271
    Info (15719): Pin "uncompressed_long[37]" is virtual output pin File: /mnt/c/git/Groovy_MiSTer/rtl/nlc_decode_ddr.v Line: 271
    Info (15719): Pin "uncompressed_long[38]" is virtual output pin File: /mnt/c/git/Groovy_MiSTer/rtl/nlc_decode_ddr.v Line: 271
    Info (15719): Pin "uncompressed_long[39]" is virtual output pin File: /mnt/c/git/Groovy_MiSTer/rtl/nlc_decode_ddr.v Line: 271
    Info (15719): Pin "uncompressed_long[40]" is virtual output pin File: /mnt/c/git/Groovy_MiSTer/rtl/nlc_decode_ddr.v Line: 271
    Info (15719): Pin "uncompressed_long[41]" is virtual output pin File: /mnt/c/git/Groovy_MiSTer/rtl/nlc_decode_ddr.v Line: 271
    Info (15719): Pin "uncompressed_long[42]" is virtual output pin File: /mnt/c/git/Groovy_MiSTer/rtl/nlc_decode_ddr.v Line: 271
    Info (15719): Pin "uncompressed_long[43]" is virtual output pin File: /mnt/c/git/Groovy_MiSTer/rtl/nlc_decode_ddr.v Line: 271
    Info (15719): Pin "uncompressed_long[44]" is virtual output pin File: /mnt/c/git/Groovy_MiSTer/rtl/nlc_decode_ddr.v Line: 271
    Info (15719): Pin "uncompressed_long[45]" is virtual output pin File: /mnt/c/git/Groovy_MiSTer/rtl/nlc_decode_ddr.v Line: 271
    Info (15719): Pin "uncompressed_long[46]" is virtual output pin File: /mnt/c/git/Groovy_MiSTer/rtl/nlc_decode_ddr.v Line: 271
    Info (15719): Pin "uncompressed_long[47]" is virtual output pin File: /mnt/c/git/Groovy_MiSTer/rtl/nlc_decode_ddr.v Line: 271
    Info (15719): Pin "uncompressed_long[48]" is virtual output pin File: /mnt/c/git/Groovy_MiSTer/rtl/nlc_decode_ddr.v Line: 271
    Info (15719): Pin "uncompressed_long[49]" is virtual output pin File: /mnt/c/git/Groovy_MiSTer/rtl/nlc_decode_ddr.v Line: 271
    Info (15719): Pin "uncompressed_long[50]" is virtual output pin File: /mnt/c/git/Groovy_MiSTer/rtl/nlc_decode_ddr.v Line: 271
    Info (15719): Pin "uncompressed_long[51]" is virtual output pin File: /mnt/c/git/Groovy_MiSTer/rtl/nlc_decode_ddr.v Line: 271
    Info (15719): Pin "uncompressed_long[52]" is virtual output pin File: /mnt/c/git/Groovy_MiSTer/rtl/nlc_decode_ddr.v Line: 271
    Info (15719): Pin "uncompressed_long[53]" is virtual output pin File: /mnt/c/git/Groovy_MiSTer/rtl/nlc_decode_ddr.v Line: 271
    Info (15719): Pin "uncompressed_long[54]" is virtual output pin File: /mnt/c/git/Groovy_MiSTer/rtl/nlc_decode_ddr.v Line: 271
    Info (15719): Pin "uncompressed_long[55]" is virtual output pin File: /mnt/c/git/Groovy_MiSTer/rtl/nlc_decode_ddr.v Line: 271
    Info (15719): Pin "uncompressed_long[56]" is virtual output pin File: /mnt/c/git/Groovy_MiSTer/rtl/nlc_decode_ddr.v Line: 271
    Info (15719): Pin "uncompressed_long[57]" is virtual output pin File: /mnt/c/git/Groovy_MiSTer/rtl/nlc_decode_ddr.v Line: 271
    Info (15719): Pin "uncompressed_long[58]" is virtual output pin File: /mnt/c/git/Groovy_MiSTer/rtl/nlc_decode_ddr.v Line: 271
    Info (15719): Pin "uncompressed_long[59]" is virtual output pin File: /mnt/c/git/Groovy_MiSTer/rtl/nlc_decode_ddr.v Line: 271
    Info (15719): Pin "uncompressed_long[60]" is virtual output pin File: /mnt/c/git/Groovy_MiSTer/rtl/nlc_decode_ddr.v Line: 271
    Info (15719): Pin "uncompressed_long[61]" is virtual output pin File: /mnt/c/git/Groovy_MiSTer/rtl/nlc_decode_ddr.v Line: 271
    Info (15719): Pin "uncompressed_long[62]" is virtual output pin File: /mnt/c/git/Groovy_MiSTer/rtl/nlc_decode_ddr.v Line: 271
    Info (15719): Pin "uncompressed_long[63]" is virtual output pin File: /mnt/c/git/Groovy_MiSTer/rtl/nlc_decode_ddr.v Line: 271
    Info (15719): Pin "long_valid" is virtual output pin File: /mnt/c/git/Groovy_MiSTer/rtl/nlc_decode_ddr.v Line: 43
    Info (15719): Pin "uncompressed_bytes[0]" is virtual output pin File: /mnt/c/git/Groovy_MiSTer/rtl/nlc_decode_ddr.v Line: 271
    Info (15719): Pin "uncompressed_bytes[1]" is virtual output pin File: /mnt/c/git/Groovy_MiSTer/rtl/nlc_decode_ddr.v Line: 271
    Info (15719): Pin "uncompressed_bytes[2]" is virtual output pin File: /mnt/c/git/Groovy_MiSTer/rtl/nlc_decode_ddr.v Line: 271
    Info (15719): Pin "uncompressed_bytes[3]" is virtual output pin File: /mnt/c/git/Groovy_MiSTer/rtl/nlc_decode_ddr.v Line: 271
    Info (15719): Pin "uncompressed_bytes[4]" is virtual output pin File: /mnt/c/git/Groovy_MiSTer/rtl/nlc_decode_ddr.v Line: 271
    Info (15719): Pin "uncompressed_bytes[5]" is virtual output pin File: /mnt/c/git/Groovy_MiSTer/rtl/nlc_decode_ddr.v Line: 271
    Info (15719): Pin "uncompressed_bytes[6]" is virtual output pin File: /mnt/c/git/Groovy_MiSTer/rtl/nlc_decode_ddr.v Line: 271
    Info (15719): Pin "uncompressed_bytes[7]" is virtual output pin File: /mnt/c/git/Groovy_MiSTer/rtl/nlc_decode_ddr.v Line: 271
    Info (15719): Pin "uncompressed_bytes[8]" is virtual output pin File: /mnt/c/git/Groovy_MiSTer/rtl/nlc_decode_ddr.v Line: 271
    Info (15719): Pin "uncompressed_bytes[9]" is virtual output pin File: /mnt/c/git/Groovy_MiSTer/rtl/nlc_decode_ddr.v Line: 271
    Info (15719): Pin "uncompressed_bytes[10]" is virtual output pin File: /mnt/c/git/Groovy_MiSTer/rtl/nlc_decode_ddr.v Line: 271
    Info (15719): Pin "uncompressed_bytes[11]" is virtual output pin File: /mnt/c/git/Groovy_MiSTer/rtl/nlc_decode_ddr.v Line: 271
    Info (15719): Pin "uncompressed_bytes[12]" is virtual output pin File: /mnt/c/git/Groovy_MiSTer/rtl/nlc_decode_ddr.v Line: 271
    Info (15719): Pin "uncompressed_bytes[13]" is virtual output pin File: /mnt/c/git/Groovy_MiSTer/rtl/nlc_decode_ddr.v Line: 271
    Info (15719): Pin "uncompressed_bytes[14]" is virtual output pin File: /mnt/c/git/Groovy_MiSTer/rtl/nlc_decode_ddr.v Line: 271
    Info (15719): Pin "uncompressed_bytes[15]" is virtual output pin File: /mnt/c/git/Groovy_MiSTer/rtl/nlc_decode_ddr.v Line: 271
    Info (15719): Pin "uncompressed_bytes[16]" is virtual output pin File: /mnt/c/git/Groovy_MiSTer/rtl/nlc_decode_ddr.v Line: 271
    Info (15719): Pin "uncompressed_bytes[17]" is virtual output pin File: /mnt/c/git/Groovy_MiSTer/rtl/nlc_decode_ddr.v Line: 271
    Info (15719): Pin "uncompressed_bytes[18]" is virtual output pin File: /mnt/c/git/Groovy_MiSTer/rtl/nlc_decode_ddr.v Line: 271
    Info (15719): Pin "uncompressed_bytes[19]" is virtual output pin File: /mnt/c/git/Groovy_MiSTer/rtl/nlc_decode_ddr.v Line: 271
    Info (15719): Pin "uncompressed_bytes[20]" is virtual output pin File: /mnt/c/git/Groovy_MiSTer/rtl/nlc_decode_ddr.v Line: 271
    Info (15719): Pin "uncompressed_bytes[21]" is virtual output pin File: /mnt/c/git/Groovy_MiSTer/rtl/nlc_decode_ddr.v Line: 271
    Info (15719): Pin "uncompressed_bytes[22]" is virtual output pin File: /mnt/c/git/Groovy_MiSTer/rtl/nlc_decode_ddr.v Line: 271
    Info (15719): Pin "uncompressed_bytes[23]" is virtual output pin File: /mnt/c/git/Groovy_MiSTer/rtl/nlc_decode_ddr.v Line: 271
    Info (15719): Pin "uncompressed_bytes[24]" is virtual output pin File: /mnt/c/git/Groovy_MiSTer/rtl/nlc_decode_ddr.v Line: 271
    Info (15719): Pin "uncompressed_bytes[25]" is virtual output pin File: /mnt/c/git/Groovy_MiSTer/rtl/nlc_decode_ddr.v Line: 271
    Info (15719): Pin "uncompressed_bytes[26]" is virtual output pin File: /mnt/c/git/Groovy_MiSTer/rtl/nlc_decode_ddr.v Line: 271
    Info (15719): Pin "uncompressed_bytes[27]" is virtual output pin File: /mnt/c/git/Groovy_MiSTer/rtl/nlc_decode_ddr.v Line: 271
    Info (15719): Pin "uncompressed_bytes[28]" is virtual output pin File: /mnt/c/git/Groovy_MiSTer/rtl/nlc_decode_ddr.v Line: 271
    Info (15719): Pin "uncompressed_bytes[29]" is virtual output pin File: /mnt/c/git/Groovy_MiSTer/rtl/nlc_decode_ddr.v Line: 271
    Info (15719): Pin "uncompressed_bytes[30]" is virtual output pin File: /mnt/c/git/Groovy_MiSTer/rtl/nlc_decode_ddr.v Line: 271
    Info (15719): Pin "uncompressed_bytes[31]" is virtual output pin File: /mnt/c/git/Groovy_MiSTer/rtl/nlc_decode_ddr.v Line: 271
    Info (15719): Pin "writed_bytes[0]" is virtual output pin File: /mnt/c/git/Groovy_MiSTer/rtl/nlc_decode_ddr.v Line: 94
    Info (15719): Pin "writed_bytes[1]" is virtual output pin File: /mnt/c/git/Groovy_MiSTer/rtl/nlc_decode_ddr.v Line: 94
    Info (15719): Pin "writed_bytes[2]" is virtual output pin File: /mnt/c/git/Groovy_MiSTer/rtl/nlc_decode_ddr.v Line: 94
    Info (15719): Pin "writed_bytes[3]" is virtual output pin File: /mnt/c/git/Groovy_MiSTer/rtl/nlc_decode_ddr.v Line: 94
    Info (15719): Pin "writed_bytes[4]" is virtual output pin File: /mnt/c/git/Groovy_MiSTer/rtl/nlc_decode_ddr.v Line: 94
    Info (15719): Pin "writed_bytes[5]" is virtual output pin File: /mnt/c/git/Groovy_MiSTer/rtl/nlc_decode_ddr.v Line: 94
    Info (15719): Pin "writed_bytes[6]" is virtual output pin File: /mnt/c/git/Groovy_MiSTer/rtl/nlc_decode_ddr.v Line: 94
    Info (15719): Pin "writed_bytes[7]" is virtual output pin File: /mnt/c/git/Groovy_MiSTer/rtl/nlc_decode_ddr.v Line: 94
    Info (15719): Pin "writed_bytes[8]" is virtual output pin File: /mnt/c/git/Groovy_MiSTer/rtl/nlc_decode_ddr.v Line: 94
    Info (15719): Pin "writed_bytes[9]" is virtual output pin File: /mnt/c/git/Groovy_MiSTer/rtl/nlc_decode_ddr.v Line: 94
    Info (15719): Pin "writed_bytes[10]" is virtual output pin File: /mnt/c/git/Groovy_MiSTer/rtl/nlc_decode_ddr.v Line: 94
    Info (15719): Pin "writed_bytes[11]" is virtual output pin File: /mnt/c/git/Groovy_MiSTer/rtl/nlc_decode_ddr.v Line: 94
    Info (15719): Pin "writed_bytes[12]" is virtual output pin File: /mnt/c/git/Groovy_MiSTer/rtl/nlc_decode_ddr.v Line: 94
    Info (15719): Pin "writed_bytes[13]" is virtual output pin File: /mnt/c/git/Groovy_MiSTer/rtl/nlc_decode_ddr.v Line: 94
    Info (15719): Pin "writed_bytes[14]" is virtual output pin File: /mnt/c/git/Groovy_MiSTer/rtl/nlc_decode_ddr.v Line: 94
    Info (15719): Pin "writed_bytes[15]" is virtual output pin File: /mnt/c/git/Groovy_MiSTer/rtl/nlc_decode_ddr.v Line: 94
    Info (15719): Pin "writed_bytes[16]" is virtual output pin File: /mnt/c/git/Groovy_MiSTer/rtl/nlc_decode_ddr.v Line: 94
    Info (15719): Pin "writed_bytes[17]" is virtual output pin File: /mnt/c/git/Groovy_MiSTer/rtl/nlc_decode_ddr.v Line: 94
    Info (15719): Pin "writed_bytes[18]" is virtual output pin File: /mnt/c/git/Groovy_MiSTer/rtl/nlc_decode_ddr.v Line: 94
    Info (15719): Pin "writed_bytes[19]" is virtual output pin File: /mnt/c/git/Groovy_MiSTer/rtl/nlc_decode_ddr.v Line: 94
    Info (15719): Pin "writed_bytes[20]" is virtual output pin File: /mnt/c/git/Groovy_MiSTer/rtl/nlc_decode_ddr.v Line: 94
    Info (15719): Pin "writed_bytes[21]" is virtual output pin File: /mnt/c/git/Groovy_MiSTer/rtl/nlc_decode_ddr.v Line: 94
    Info (15719): Pin "writed_bytes[22]" is virtual output pin File: /mnt/c/git/Groovy_MiSTer/rtl/nlc_decode_ddr.v Line: 94
    Info (15719): Pin "writed_bytes[23]" is virtual output pin File: /mnt/c/git/Groovy_MiSTer/rtl/nlc_decode_ddr.v Line: 94
    Info (15719): Pin "writed_bytes[24]" is virtual output pin File: /mnt/c/git/Groovy_MiSTer/rtl/nlc_decode_ddr.v Line: 94
    Info (15719): Pin "writed_bytes[25]" is virtual output pin File: /mnt/c/git/Groovy_MiSTer/rtl/nlc_decode_ddr.v Line: 94
    Info (15719): Pin "writed_bytes[26]" is virtual output pin File: /mnt/c/git/Groovy_MiSTer/rtl/nlc_decode_ddr.v Line: 94
    Info (15719): Pin "writed_bytes[27]" is virtual output pin File: /mnt/c/git/Groovy_MiSTer/rtl/nlc_decode_ddr.v Line: 94
    Info (15719): Pin "writed_bytes[28]" is virtual output pin File: /mnt/c/git/Groovy_MiSTer/rtl/nlc_decode_ddr.v Line: 94
    Info (15719): Pin "writed_bytes[29]" is virtual output pin File: /mnt/c/git/Groovy_MiSTer/rtl/nlc_decode_ddr.v Line: 94
    Info (15719): Pin "writed_bytes[30]" is virtual output pin File: /mnt/c/git/Groovy_MiSTer/rtl/nlc_decode_ddr.v Line: 94
    Info (15719): Pin "writed_bytes[31]" is virtual output pin File: /mnt/c/git/Groovy_MiSTer/rtl/nlc_decode_ddr.v Line: 94
    Info (15719): Pin "readed_bytes[0]" is virtual output pin File: /mnt/c/git/Groovy_MiSTer/rtl/nlc_decode_ddr.v Line: 94
    Info (15719): Pin "readed_bytes[1]" is virtual output pin File: /mnt/c/git/Groovy_MiSTer/rtl/nlc_decode_ddr.v Line: 94
    Info (15719): Pin "readed_bytes[2]" is virtual output pin File: /mnt/c/git/Groovy_MiSTer/rtl/nlc_decode_ddr.v Line: 94
    Info (15719): Pin "readed_bytes[3]" is virtual output pin File: /mnt/c/git/Groovy_MiSTer/rtl/nlc_decode_ddr.v Line: 94
    Info (15719): Pin "readed_bytes[4]" is virtual output pin File: /mnt/c/git/Groovy_MiSTer/rtl/nlc_decode_ddr.v Line: 94
    Info (15719): Pin "readed_bytes[5]" is virtual output pin File: /mnt/c/git/Groovy_MiSTer/rtl/nlc_decode_ddr.v Line: 94
    Info (15719): Pin "readed_bytes[6]" is virtual output pin File: /mnt/c/git/Groovy_MiSTer/rtl/nlc_decode_ddr.v Line: 94
    Info (15719): Pin "readed_bytes[7]" is virtual output pin File: /mnt/c/git/Groovy_MiSTer/rtl/nlc_decode_ddr.v Line: 94
    Info (15719): Pin "readed_bytes[8]" is virtual output pin File: /mnt/c/git/Groovy_MiSTer/rtl/nlc_decode_ddr.v Line: 94
    Info (15719): Pin "readed_bytes[9]" is virtual output pin File: /mnt/c/git/Groovy_MiSTer/rtl/nlc_decode_ddr.v Line: 94
    Info (15719): Pin "readed_bytes[10]" is virtual output pin File: /mnt/c/git/Groovy_MiSTer/rtl/nlc_decode_ddr.v Line: 94
    Info (15719): Pin "readed_bytes[11]" is virtual output pin File: /mnt/c/git/Groovy_MiSTer/rtl/nlc_decode_ddr.v Line: 94
    Info (15719): Pin "readed_bytes[12]" is virtual output pin File: /mnt/c/git/Groovy_MiSTer/rtl/nlc_decode_ddr.v Line: 94
    Info (15719): Pin "readed_bytes[13]" is virtual output pin File: /mnt/c/git/Groovy_MiSTer/rtl/nlc_decode_ddr.v Line: 94
    Info (15719): Pin "readed_bytes[14]" is virtual output pin File: /mnt/c/git/Groovy_MiSTer/rtl/nlc_decode_ddr.v Line: 94
    Info (15719): Pin "readed_bytes[15]" is virtual output pin File: /mnt/c/git/Groovy_MiSTer/rtl/nlc_decode_ddr.v Line: 94
    Info (15719): Pin "readed_bytes[16]" is virtual output pin File: /mnt/c/git/Groovy_MiSTer/rtl/nlc_decode_ddr.v Line: 94
    Info (15719): Pin "readed_bytes[17]" is virtual output pin File: /mnt/c/git/Groovy_MiSTer/rtl/nlc_decode_ddr.v Line: 94
    Info (15719): Pin "readed_bytes[18]" is virtual output pin File: /mnt/c/git/Groovy_MiSTer/rtl/nlc_decode_ddr.v Line: 94
    Info (15719): Pin "readed_bytes[19]" is virtual output pin File: /mnt/c/git/Groovy_MiSTer/rtl/nlc_decode_ddr.v Line: 94
    Info (15719): Pin "readed_bytes[20]" is virtual output pin File: /mnt/c/git/Groovy_MiSTer/rtl/nlc_decode_ddr.v Line: 94
    Info (15719): Pin "readed_bytes[21]" is virtual output pin File: /mnt/c/git/Groovy_MiSTer/rtl/nlc_decode_ddr.v Line: 94
    Info (15719): Pin "readed_bytes[22]" is virtual output pin File: /mnt/c/git/Groovy_MiSTer/rtl/nlc_decode_ddr.v Line: 94
    Info (15719): Pin "readed_bytes[23]" is virtual output pin File: /mnt/c/git/Groovy_MiSTer/rtl/nlc_decode_ddr.v Line: 94
    Info (15719): Pin "readed_bytes[24]" is virtual output pin File: /mnt/c/git/Groovy_MiSTer/rtl/nlc_decode_ddr.v Line: 94
    Info (15719): Pin "readed_bytes[25]" is virtual output pin File: /mnt/c/git/Groovy_MiSTer/rtl/nlc_decode_ddr.v Line: 94
    Info (15719): Pin "readed_bytes[26]" is virtual output pin File: /mnt/c/git/Groovy_MiSTer/rtl/nlc_decode_ddr.v Line: 94
    Info (15719): Pin "readed_bytes[27]" is virtual output pin File: /mnt/c/git/Groovy_MiSTer/rtl/nlc_decode_ddr.v Line: 94
    Info (15719): Pin "readed_bytes[28]" is virtual output pin File: /mnt/c/git/Groovy_MiSTer/rtl/nlc_decode_ddr.v Line: 94
    Info (15719): Pin "readed_bytes[29]" is virtual output pin File: /mnt/c/git/Groovy_MiSTer/rtl/nlc_decode_ddr.v Line: 94
    Info (15719): Pin "readed_bytes[30]" is virtual output pin File: /mnt/c/git/Groovy_MiSTer/rtl/nlc_decode_ddr.v Line: 94
    Info (15719): Pin "readed_bytes[31]" is virtual output pin File: /mnt/c/git/Groovy_MiSTer/rtl/nlc_decode_ddr.v Line: 94
    Info (15719): Pin "paused" is virtual output pin File: /mnt/c/git/Groovy_MiSTer/rtl/nlc_decode_ddr.v Line: 48
    Info (15719): Pin "done" is virtual output pin File: /mnt/c/git/Groovy_MiSTer/rtl/nlc_decode_ddr.v Line: 50
    Info (15718): Pin "cfg_h[15]" is virtual input pin File: /mnt/c/git/Groovy_MiSTer/rtl/nlc_decode_ddr.v Line: 33
    Info (15718): Pin "cfg_h[14]" is virtual input pin File: /mnt/c/git/Groovy_MiSTer/rtl/nlc_decode_ddr.v Line: 33
    Info (15718): Pin "cfg_h[9]" is virtual input pin File: /mnt/c/git/Groovy_MiSTer/rtl/nlc_decode_ddr.v Line: 33
    Info (15718): Pin "cfg_h[8]" is virtual input pin File: /mnt/c/git/Groovy_MiSTer/rtl/nlc_decode_ddr.v Line: 33
    Info (15718): Pin "cfg_h[7]" is virtual input pin File: /mnt/c/git/Groovy_MiSTer/rtl/nlc_decode_ddr.v Line: 33
    Info (15718): Pin "cfg_h[6]" is virtual input pin File: /mnt/c/git/Groovy_MiSTer/rtl/nlc_decode_ddr.v Line: 33
    Info (15718): Pin "cfg_h[5]" is virtual input pin File: /mnt/c/git/Groovy_MiSTer/rtl/nlc_decode_ddr.v Line: 33
    Info (15718): Pin "cfg_h[4]" is virtual input pin File: /mnt/c/git/Groovy_MiSTer/rtl/nlc_decode_ddr.v Line: 33
    Info (15718): Pin "cfg_h[3]" is virtual input pin File: /mnt/c/git/Groovy_MiSTer/rtl/nlc_decode_ddr.v Line: 33
    Info (15718): Pin "cfg_h[2]" is virtual input pin File: /mnt/c/git/Groovy_MiSTer/rtl/nlc_decode_ddr.v Line: 33
    Info (15718): Pin "cfg_h[1]" is virtual input pin File: /mnt/c/git/Groovy_MiSTer/rtl/nlc_decode_ddr.v Line: 33
    Info (15718): Pin "cfg_h[0]" is virtual input pin File: /mnt/c/git/Groovy_MiSTer/rtl/nlc_decode_ddr.v Line: 33
    Info (15718): Pin "cfg_h[11]" is virtual input pin File: /mnt/c/git/Groovy_MiSTer/rtl/nlc_decode_ddr.v Line: 33
    Info (15718): Pin "cfg_h[10]" is virtual input pin File: /mnt/c/git/Groovy_MiSTer/rtl/nlc_decode_ddr.v Line: 33
    Info (15718): Pin "cfg_h[13]" is virtual input pin File: /mnt/c/git/Groovy_MiSTer/rtl/nlc_decode_ddr.v Line: 33
    Info (15718): Pin "cfg_h[12]" is virtual input pin File: /mnt/c/git/Groovy_MiSTer/rtl/nlc_decode_ddr.v Line: 33
    Info (15718): Pin "clk" is virtual input pin File: /mnt/c/git/Groovy_MiSTer/rtl/nlc_decode_ddr.v Line: 30
    Info (15718): Pin "reset" is virtual input pin File: /mnt/c/git/Groovy_MiSTer/rtl/nlc_decode_ddr.v Line: 31
    Info (15718): Pin "out_ready" is virtual input pin File: /mnt/c/git/Groovy_MiSTer/rtl/nlc_decode_ddr.v Line: 44
    Info (15718): Pin "write_long" is virtual input pin File: /mnt/c/git/Groovy_MiSTer/rtl/nlc_decode_ddr.v Line: 39
    Info (15718): Pin "cfg_color" is virtual input pin File: /mnt/c/git/Groovy_MiSTer/rtl/nlc_decode_ddr.v Line: 36
    Info (15718): Pin "cfg_w[14]" is virtual input pin File: /mnt/c/git/Groovy_MiSTer/rtl/nlc_decode_ddr.v Line: 32
    Info (15718): Pin "cfg_w[15]" is virtual input pin File: /mnt/c/git/Groovy_MiSTer/rtl/nlc_decode_ddr.v Line: 32
    Info (15718): Pin "cfg_w[3]" is virtual input pin File: /mnt/c/git/Groovy_MiSTer/rtl/nlc_decode_ddr.v Line: 32
    Info (15718): Pin "cfg_w[4]" is virtual input pin File: /mnt/c/git/Groovy_MiSTer/rtl/nlc_decode_ddr.v Line: 32
    Info (15718): Pin "cfg_w[5]" is virtual input pin File: /mnt/c/git/Groovy_MiSTer/rtl/nlc_decode_ddr.v Line: 32
    Info (15718): Pin "cfg_w[13]" is virtual input pin File: /mnt/c/git/Groovy_MiSTer/rtl/nlc_decode_ddr.v Line: 32
    Info (15718): Pin "cfg_w[9]" is virtual input pin File: /mnt/c/git/Groovy_MiSTer/rtl/nlc_decode_ddr.v Line: 32
    Info (15718): Pin "cfg_w[10]" is virtual input pin File: /mnt/c/git/Groovy_MiSTer/rtl/nlc_decode_ddr.v Line: 32
    Info (15718): Pin "cfg_w[6]" is virtual input pin File: /mnt/c/git/Groovy_MiSTer/rtl/nlc_decode_ddr.v Line: 32
    Info (15718): Pin "cfg_w[7]" is virtual input pin File: /mnt/c/git/Groovy_MiSTer/rtl/nlc_decode_ddr.v Line: 32
    Info (15718): Pin "cfg_w[8]" is virtual input pin File: /mnt/c/git/Groovy_MiSTer/rtl/nlc_decode_ddr.v Line: 32
    Info (15718): Pin "cfg_w[11]" is virtual input pin File: /mnt/c/git/Groovy_MiSTer/rtl/nlc_decode_ddr.v Line: 32
    Info (15718): Pin "cfg_w[12]" is virtual input pin File: /mnt/c/git/Groovy_MiSTer/rtl/nlc_decode_ddr.v Line: 32
    Info (15718): Pin "cfg_w[0]" is virtual input pin File: /mnt/c/git/Groovy_MiSTer/rtl/nlc_decode_ddr.v Line: 32
    Info (15718): Pin "cfg_w[1]" is virtual input pin File: /mnt/c/git/Groovy_MiSTer/rtl/nlc_decode_ddr.v Line: 32
    Info (15718): Pin "cfg_w[2]" is virtual input pin File: /mnt/c/git/Groovy_MiSTer/rtl/nlc_decode_ddr.v Line: 32
    Info (15718): Pin "cfg_near[2]" is virtual input pin File: /mnt/c/git/Groovy_MiSTer/rtl/nlc_decode_ddr.v Line: 34
    Info (15718): Pin "cfg_near[0]" is virtual input pin File: /mnt/c/git/Groovy_MiSTer/rtl/nlc_decode_ddr.v Line: 34
    Info (15718): Pin "cfg_near[1]" is virtual input pin File: /mnt/c/git/Groovy_MiSTer/rtl/nlc_decode_ddr.v Line: 34
    Info (15718): Pin "compressed_long[3]" is virtual input pin File: /mnt/c/git/Groovy_MiSTer/rtl/nlc_decode_ddr.v Line: 38
    Info (15718): Pin "compressed_long[19]" is virtual input pin File: /mnt/c/git/Groovy_MiSTer/rtl/nlc_decode_ddr.v Line: 38
    Info (15718): Pin "compressed_long[35]" is virtual input pin File: /mnt/c/git/Groovy_MiSTer/rtl/nlc_decode_ddr.v Line: 38
    Info (15718): Pin "compressed_long[36]" is virtual input pin File: /mnt/c/git/Groovy_MiSTer/rtl/nlc_decode_ddr.v Line: 38
    Info (15718): Pin "compressed_long[41]" is virtual input pin File: /mnt/c/git/Groovy_MiSTer/rtl/nlc_decode_ddr.v Line: 38
    Info (15718): Pin "compressed_long[42]" is virtual input pin File: /mnt/c/git/Groovy_MiSTer/rtl/nlc_decode_ddr.v Line: 38
    Info (15718): Pin "compressed_long[40]" is virtual input pin File: /mnt/c/git/Groovy_MiSTer/rtl/nlc_decode_ddr.v Line: 38
    Info (15718): Pin "compressed_long[38]" is virtual input pin File: /mnt/c/git/Groovy_MiSTer/rtl/nlc_decode_ddr.v Line: 38
    Info (15718): Pin "compressed_long[39]" is virtual input pin File: /mnt/c/git/Groovy_MiSTer/rtl/nlc_decode_ddr.v Line: 38
    Info (15718): Pin "compressed_long[43]" is virtual input pin File: /mnt/c/git/Groovy_MiSTer/rtl/nlc_decode_ddr.v Line: 38
    Info (15718): Pin "compressed_long[37]" is virtual input pin File: /mnt/c/git/Groovy_MiSTer/rtl/nlc_decode_ddr.v Line: 38
    Info (15718): Pin "compressed_long[9]" is virtual input pin File: /mnt/c/git/Groovy_MiSTer/rtl/nlc_decode_ddr.v Line: 38
    Info (15718): Pin "compressed_long[10]" is virtual input pin File: /mnt/c/git/Groovy_MiSTer/rtl/nlc_decode_ddr.v Line: 38
    Info (15718): Pin "compressed_long[25]" is virtual input pin File: /mnt/c/git/Groovy_MiSTer/rtl/nlc_decode_ddr.v Line: 38
    Info (15718): Pin "compressed_long[26]" is virtual input pin File: /mnt/c/git/Groovy_MiSTer/rtl/nlc_decode_ddr.v Line: 38
    Info (15718): Pin "compressed_long[5]" is virtual input pin File: /mnt/c/git/Groovy_MiSTer/rtl/nlc_decode_ddr.v Line: 38
    Info (15718): Pin "compressed_long[4]" is virtual input pin File: /mnt/c/git/Groovy_MiSTer/rtl/nlc_decode_ddr.v Line: 38
    Info (15718): Pin "compressed_long[21]" is virtual input pin File: /mnt/c/git/Groovy_MiSTer/rtl/nlc_decode_ddr.v Line: 38
    Info (15718): Pin "compressed_long[20]" is virtual input pin File: /mnt/c/git/Groovy_MiSTer/rtl/nlc_decode_ddr.v Line: 38
    Info (15718): Pin "compressed_long[8]" is virtual input pin File: /mnt/c/git/Groovy_MiSTer/rtl/nlc_decode_ddr.v Line: 38
    Info (15718): Pin "compressed_long[6]" is virtual input pin File: /mnt/c/git/Groovy_MiSTer/rtl/nlc_decode_ddr.v Line: 38
    Info (15718): Pin "compressed_long[24]" is virtual input pin File: /mnt/c/git/Groovy_MiSTer/rtl/nlc_decode_ddr.v Line: 38
    Info (15718): Pin "compressed_long[22]" is virtual input pin File: /mnt/c/git/Groovy_MiSTer/rtl/nlc_decode_ddr.v Line: 38
    Info (15718): Pin "compressed_long[7]" is virtual input pin File: /mnt/c/git/Groovy_MiSTer/rtl/nlc_decode_ddr.v Line: 38
    Info (15718): Pin "compressed_long[11]" is virtual input pin File: /mnt/c/git/Groovy_MiSTer/rtl/nlc_decode_ddr.v Line: 38
    Info (15718): Pin "compressed_long[23]" is virtual input pin File: /mnt/c/git/Groovy_MiSTer/rtl/nlc_decode_ddr.v Line: 38
    Info (15718): Pin "compressed_long[27]" is virtual input pin File: /mnt/c/git/Groovy_MiSTer/rtl/nlc_decode_ddr.v Line: 38
    Info (15718): Pin "cfg_tile[5]" is virtual input pin File: /mnt/c/git/Groovy_MiSTer/rtl/nlc_decode_ddr.v Line: 35
    Info (15718): Pin "cfg_tile[0]" is virtual input pin File: /mnt/c/git/Groovy_MiSTer/rtl/nlc_decode_ddr.v Line: 35
    Info (15718): Pin "cfg_tile[1]" is virtual input pin File: /mnt/c/git/Groovy_MiSTer/rtl/nlc_decode_ddr.v Line: 35
    Info (15718): Pin "cfg_tile[2]" is virtual input pin File: /mnt/c/git/Groovy_MiSTer/rtl/nlc_decode_ddr.v Line: 35
    Info (15718): Pin "cfg_tile[3]" is virtual input pin File: /mnt/c/git/Groovy_MiSTer/rtl/nlc_decode_ddr.v Line: 35
    Info (15718): Pin "cfg_tile[4]" is virtual input pin File: /mnt/c/git/Groovy_MiSTer/rtl/nlc_decode_ddr.v Line: 35
    Info (15718): Pin "cfg_tile[6]" is virtual input pin File: /mnt/c/git/Groovy_MiSTer/rtl/nlc_decode_ddr.v Line: 35
    Info (15718): Pin "compressed_long[2]" is virtual input pin File: /mnt/c/git/Groovy_MiSTer/rtl/nlc_decode_ddr.v Line: 38
    Info (15718): Pin "compressed_long[1]" is virtual input pin File: /mnt/c/git/Groovy_MiSTer/rtl/nlc_decode_ddr.v Line: 38
    Info (15718): Pin "compressed_long[0]" is virtual input pin File: /mnt/c/git/Groovy_MiSTer/rtl/nlc_decode_ddr.v Line: 38
    Info (15718): Pin "compressed_long[16]" is virtual input pin File: /mnt/c/git/Groovy_MiSTer/rtl/nlc_decode_ddr.v Line: 38
    Info (15718): Pin "compressed_long[15]" is virtual input pin File: /mnt/c/git/Groovy_MiSTer/rtl/nlc_decode_ddr.v Line: 38
    Info (15718): Pin "compressed_long[14]" is virtual input pin File: /mnt/c/git/Groovy_MiSTer/rtl/nlc_decode_ddr.v Line: 38
    Info (15718): Pin "compressed_long[13]" is virtual input pin File: /mnt/c/git/Groovy_MiSTer/rtl/nlc_decode_ddr.v Line: 38
    Info (15718): Pin "compressed_long[12]" is virtual input pin File: /mnt/c/git/Groovy_MiSTer/rtl/nlc_decode_ddr.v Line: 38
    Info (15718): Pin "compressed_long[17]" is virtual input pin File: /mnt/c/git/Groovy_MiSTer/rtl/nlc_decode_ddr.v Line: 38
    Info (15718): Pin "compressed_long[18]" is virtual input pin File: /mnt/c/git/Groovy_MiSTer/rtl/nlc_decode_ddr.v Line: 38
    Info (15718): Pin "compressed_long[28]" is virtual input pin File: /mnt/c/git/Groovy_MiSTer/rtl/nlc_decode_ddr.v Line: 38
    Info (15718): Pin "compressed_long[30]" is virtual input pin File: /mnt/c/git/Groovy_MiSTer/rtl/nlc_decode_ddr.v Line: 38
    Info (15718): Pin "compressed_long[29]" is virtual input pin File: /mnt/c/git/Groovy_MiSTer/rtl/nlc_decode_ddr.v Line: 38
    Info (15718): Pin "compressed_long[31]" is virtual input pin File: /mnt/c/git/Groovy_MiSTer/rtl/nlc_decode_ddr.v Line: 38
    Info (15718): Pin "compressed_long[32]" is virtual input pin File: /mnt/c/git/Groovy_MiSTer/rtl/nlc_decode_ddr.v Line: 38
    Info (15718): Pin "compressed_long[33]" is virtual input pin File: /mnt/c/git/Groovy_MiSTer/rtl/nlc_decode_ddr.v Line: 38
    Info (15718): Pin "compressed_long[34]" is virtual input pin File: /mnt/c/git/Groovy_MiSTer/rtl/nlc_decode_ddr.v Line: 38
    Info (15718): Pin "compressed_long[44]" is virtual input pin File: /mnt/c/git/Groovy_MiSTer/rtl/nlc_decode_ddr.v Line: 38
    Info (15718): Pin "compressed_long[45]" is virtual input pin File: /mnt/c/git/Groovy_MiSTer/rtl/nlc_decode_ddr.v Line: 38
    Info (15718): Pin "compressed_long[46]" is virtual input pin File: /mnt/c/git/Groovy_MiSTer/rtl/nlc_decode_ddr.v Line: 38
    Info (15718): Pin "compressed_long[47]" is virtual input pin File: /mnt/c/git/Groovy_MiSTer/rtl/nlc_decode_ddr.v Line: 38
    Info (15718): Pin "compressed_long[48]" is virtual input pin File: /mnt/c/git/Groovy_MiSTer/rtl/nlc_decode_ddr.v Line: 38
    Info (15718): Pin "compressed_long[49]" is virtual input pin File: /mnt/c/git/Groovy_MiSTer/rtl/nlc_decode_ddr.v Line: 38
    Info (15718): Pin "compressed_long[50]" is virtual input pin File: /mnt/c/git/Groovy_MiSTer/rtl/nlc_decode_ddr.v Line: 38
    Info (15718): Pin "compressed_long[51]" is virtual input pin File: /mnt/c/git/Groovy_MiSTer/rtl/nlc_decode_ddr.v Line: 38
    Info (15718): Pin "compressed_long[52]" is virtual input pin File: /mnt/c/git/Groovy_MiSTer/rtl/nlc_decode_ddr.v Line: 38
    Info (15718): Pin "compressed_long[53]" is virtual input pin File: /mnt/c/git/Groovy_MiSTer/rtl/nlc_decode_ddr.v Line: 38
    Info (15718): Pin "compressed_long[54]" is virtual input pin File: /mnt/c/git/Groovy_MiSTer/rtl/nlc_decode_ddr.v Line: 38
    Info (15718): Pin "compressed_long[55]" is virtual input pin File: /mnt/c/git/Groovy_MiSTer/rtl/nlc_decode_ddr.v Line: 38
    Info (15718): Pin "compressed_long[56]" is virtual input pin File: /mnt/c/git/Groovy_MiSTer/rtl/nlc_decode_ddr.v Line: 38
    Info (15718): Pin "compressed_long[57]" is virtual input pin File: /mnt/c/git/Groovy_MiSTer/rtl/nlc_decode_ddr.v Line: 38
    Info (15718): Pin "compressed_long[58]" is virtual input pin File: /mnt/c/git/Groovy_MiSTer/rtl/nlc_decode_ddr.v Line: 38
    Info (15718): Pin "compressed_long[59]" is virtual input pin File: /mnt/c/git/Groovy_MiSTer/rtl/nlc_decode_ddr.v Line: 38
    Info (15718): Pin "compressed_long[60]" is virtual input pin File: /mnt/c/git/Groovy_MiSTer/rtl/nlc_decode_ddr.v Line: 38
    Info (15718): Pin "compressed_long[61]" is virtual input pin File: /mnt/c/git/Groovy_MiSTer/rtl/nlc_decode_ddr.v Line: 38
    Info (15718): Pin "compressed_long[62]" is virtual input pin File: /mnt/c/git/Groovy_MiSTer/rtl/nlc_decode_ddr.v Line: 38
    Info (15718): Pin "compressed_long[63]" is virtual input pin File: /mnt/c/git/Groovy_MiSTer/rtl/nlc_decode_ddr.v Line: 38
Info (21057): Implemented 4629 device resources after synthesis - the final resource count might be different
    Info (21058): Implemented 0 input pins
    Info (21059): Implemented 0 output pins
    Info (21061): Implemented 4273 logic cells
    Info (21064): Implemented 356 RAM segments
Info: Quartus Prime Analysis & Synthesis was successful. 0 errors, 15 warnings
    Info: Peak virtual memory: 1112 megabytes
    Info: Processing ended: Sun Jul  5 18:11:20 2026
    Info: Elapsed time: 00:00:18
    Info: Total CPU time (on all processors): 00:00:25
Info: *******************************************************************
Info: Running Quartus Prime Fitter
    Info: Version 17.0.2 Build 602 07/19/2017 SJ Lite Edition
    Info: Processing started: Sun Jul  5 18:11:21 2026
Info: Command: quartus_fit --read_settings_files=off --write_settings_files=off aclk_sta -c aclk_sta
Info: qfit2_default_script.tcl version: #1
Info: Project  = aclk_sta
Info: Revision = aclk_sta
Warning (18236): Number of processors has not been specified which may cause overloading on shared machines.  Set the global assignment NUM_PARALLEL_PROCESSORS in your QSF to an appropriate value for best performance.
Info (20030): Parallel compilation is enabled and will use 8 of the 8 processors detected
Info (119006): Selected device 5CSEBA6U23I7 for design "aclk_sta"
Info (21076): High junction temperature operating condition is not set. Assuming a default value of '100'.
Info (21076): Low junction temperature operating condition is not set. Assuming a default value of '-40'.
Info (171003): Fitter is performing an Auto Fit compilation, which may decrease Fitter effort to reduce compilation time
Warning (292013): Feature LogicLock is only available with a valid subscription license. You can purchase a software subscription to gain full access to this feature.
Info (176045): Design uses memory blocks. Violating setup or hold times of memory block address registers for either read or write operations could cause memory contents to be corrupted. Make sure that all memory block address registers meet the setup and hold time requirements.
Info (184020): Starting Fitter periphery placement operations
Info (11191): Automatically promoted 1 clock (1 global)
    Info (11162): clk~CLKENA0 with 1587 fanout uses global clock CLKCTRL_G3
        Info (12525): This signal is driven by core routing -- it may be moved during placement to reduce routing delays
Info (184021): Fitter periphery placement operations ending: elapsed time is 00:00:00
Info (176233): Starting register packing
Info (332104): Reading SDC File: 'aclk_sta.sdc'
Info (332143): No user constrained clock uncertainty found in the design. Calling "derive_clock_uncertainty"
Info (332123): Deriving Clock Uncertainty. Please refer to report_sdc in TimeQuest to see clock uncertainties.
Info (332129): Detected timing requirements -- optimizing circuit to achieve only the specified requirements
Info (332111): Found 1 clocks
    Info (332111):   Period   Clock Name
    Info (332111): ======== ============
    Info (332111):    6.667          clk
Info (176235): Finished register packing
    Extra Info (176218): Packed 320 registers into blocks of type Block RAM
Info (11798): Fitter preparation operations ending: elapsed time is 00:00:08
Info (170189): Fitter placement preparation operations beginning
Info (14951): The Fitter is using Advanced Physical Optimization.
Info (170190): Fitter placement preparation operations ending: elapsed time is 00:00:07
Info (170191): Fitter placement operations beginning
Info (170137): Fitter placement was successful
Info (170192): Fitter placement operations ending: elapsed time is 00:00:05
Info (170193): Fitter routing operations beginning
Info (170195): Router estimated average interconnect usage is 1% of the available device resources
    Info (170196): Router estimated peak interconnect usage is 20% of the available device resources in the region that extends from location X56_Y11 to location X66_Y22
Info (170199): The Fitter performed an Auto Fit compilation.  Optimizations were skipped to reduce compilation time.
    Info (170201): Optimizations that may affect the design's routability were skipped
Info (170194): Fitter routing operations ending: elapsed time is 00:00:08
Info (11888): Total time spent on timing analysis during the Fitter is 4.43 seconds.
Info (334003): Started post-fitting delay annotation
Info (334004): Delay annotation completed successfully
Info (334003): Started post-fitting delay annotation
Info (334004): Delay annotation completed successfully
Info (11801): Fitter post-fit operations ending: elapsed time is 00:00:05
Info: Quartus Prime Fitter was successful. 0 errors, 2 warnings
    Info: Peak virtual memory: 2813 megabytes
    Info: Processing ended: Sun Jul  5 18:12:23 2026
    Info: Elapsed time: 00:01:02
    Info: Total CPU time (on all processors): 00:03:24
Info: *******************************************************************
Info: Running Quartus Prime Assembler
    Info: Version 17.0.2 Build 602 07/19/2017 SJ Lite Edition
    Info: Processing started: Sun Jul  5 18:12:25 2026
Info: Command: quartus_asm --read_settings_files=off --write_settings_files=off aclk_sta -c aclk_sta
Warning (18236): Number of processors has not been specified which may cause overloading on shared machines.  Set the global assignment NUM_PARALLEL_PROCESSORS in your QSF to an appropriate value for best performance.
Info (115030): Assembler is generating device programming files
Info: Quartus Prime Assembler was successful. 0 errors, 1 warning
    Info: Peak virtual memory: 970 megabytes
    Info: Processing ended: Sun Jul  5 18:12:30 2026
    Info: Elapsed time: 00:00:05
    Info: Total CPU time (on all processors): 00:00:05
Info (293026): Skipped module PowerPlay Power Analyzer due to the assignment FLOW_ENABLE_POWER_ANALYZER
Info: *******************************************************************
Info: Running Quartus Prime TimeQuest Timing Analyzer
    Info: Version 17.0.2 Build 602 07/19/2017 SJ Lite Edition
    Info: Processing started: Sun Jul  5 18:12:31 2026
Info: Command: quartus_sta aclk_sta -c aclk_sta
Info: qsta_default_script.tcl version: #1
Warning (18236): Number of processors has not been specified which may cause overloading on shared machines.  Set the global assignment NUM_PARALLEL_PROCESSORS in your QSF to an appropriate value for best performance.
Info (20030): Parallel compilation is enabled and will use 8 of the 8 processors detected
Info (21076): High junction temperature operating condition is not set. Assuming a default value of '100'.
Info (21076): Low junction temperature operating condition is not set. Assuming a default value of '-40'.
Info (332104): Reading SDC File: 'aclk_sta.sdc'
Info (332143): No user constrained clock uncertainty found in the design. Calling "derive_clock_uncertainty"
Info (332123): Deriving Clock Uncertainty. Please refer to report_sdc in TimeQuest to see clock uncertainties.
Info: Found TIMEQUEST_REPORT_SCRIPT_INCLUDE_DEFAULT_ANALYSIS = ON
Info: Analyzing Slow 1100mV 100C Model
Critical Warning (332148): Timing requirements not met
    Info (11105): For recommendations on closing timing, run Report Timing Closure Recommendations in the TimeQuest Timing Analyzer.
Info (332146): Worst-case setup slack is -4.841
    Info (332119):     Slack       End Point TNS Clock 
    Info (332119): ========= =================== =====================
    Info (332119):    -4.841           -2336.948 clk 
Info (332146): Worst-case hold slack is 0.379
    Info (332119):     Slack       End Point TNS Clock 
    Info (332119): ========= =================== =====================
    Info (332119):     0.379               0.000 clk 
Info (332140): No Recovery paths to report
Info (332140): No Removal paths to report
Info (332146): Worst-case minimum pulse width slack is 1.941
    Info (332119):     Slack       End Point TNS Clock 
    Info (332119): ========= =================== =====================
    Info (332119):     1.941               0.000 clk 
Info: Analyzing Slow 1100mV -40C Model
Info (334003): Started post-fitting delay annotation
Info (334004): Delay annotation completed successfully
Info (332123): Deriving Clock Uncertainty. Please refer to report_sdc in TimeQuest to see clock uncertainties.
Critical Warning (332148): Timing requirements not met
    Info (11105): For recommendations on closing timing, run Report Timing Closure Recommendations in the TimeQuest Timing Analyzer.
Info (332146): Worst-case setup slack is -5.087
    Info (332119):     Slack       End Point TNS Clock 
    Info (332119): ========= =================== =====================
    Info (332119):    -5.087           -2511.464 clk 
Info (332146): Worst-case hold slack is 0.354
    Info (332119):     Slack       End Point TNS Clock 
    Info (332119): ========= =================== =====================
    Info (332119):     0.354               0.000 clk 
Info (332140): No Recovery paths to report
Info (332140): No Removal paths to report
Info (332146): Worst-case minimum pulse width slack is 1.916
    Info (332119):     Slack       End Point TNS Clock 
    Info (332119): ========= =================== =====================
    Info (332119):     1.916               0.000 clk 
Info: Analyzing Fast 1100mV 100C Model
Info (334003): Started post-fitting delay annotation
Info (334004): Delay annotation completed successfully
Info (332123): Deriving Clock Uncertainty. Please refer to report_sdc in TimeQuest to see clock uncertainties.
Info (332146): Worst-case setup slack is 0.678
    Info (332119):     Slack       End Point TNS Clock 
    Info (332119): ========= =================== =====================
    Info (332119):     0.678               0.000 clk 
Info (332146): Worst-case hold slack is 0.182
    Info (332119):     Slack       End Point TNS Clock 
    Info (332119): ========= =================== =====================
    Info (332119):     0.182               0.000 clk 
Info (332140): No Recovery paths to report
Info (332140): No Removal paths to report
Info (332146): Worst-case minimum pulse width slack is 2.289
    Info (332119):     Slack       End Point TNS Clock 
    Info (332119): ========= =================== =====================
    Info (332119):     2.289               0.000 clk 
Info: Analyzing Fast 1100mV -40C Model
Info (332123): Deriving Clock Uncertainty. Please refer to report_sdc in TimeQuest to see clock uncertainties.
Info (332146): Worst-case setup slack is 1.473
    Info (332119):     Slack       End Point TNS Clock 
    Info (332119): ========= =================== =====================
    Info (332119):     1.473               0.000 clk 
Info (332146): Worst-case hold slack is 0.144
    Info (332119):     Slack       End Point TNS Clock 
    Info (332119): ========= =================== =====================
    Info (332119):     0.144               0.000 clk 
Info (332140): No Recovery paths to report
Info (332140): No Removal paths to report
Info (332146): Worst-case minimum pulse width slack is 2.281
    Info (332119):     Slack       End Point TNS Clock 
    Info (332119): ========= =================== =====================
    Info (332119):     2.281               0.000 clk 
Info (332102): Design is not fully constrained for setup requirements
Info (332102): Design is not fully constrained for hold requirements
Info: Quartus Prime TimeQuest Timing Analyzer was successful. 0 errors, 3 warnings
    Info: Peak virtual memory: 1385 megabytes
    Info: Processing ended: Sun Jul  5 18:12:43 2026
    Info: Elapsed time: 00:00:12
    Info: Total CPU time (on all processors): 00:00:15
Info (293000): Quartus Prime Full Compilation was successful. 0 errors, 21 warnings
Info (23030): Evaluation of Tcl script /home/milov/intelFPGA_lite/17.0/quartus/common/tcl/internal/qsh_flow.tcl was successful
Info: Quartus Prime Shell was successful. 0 errors, 21 warnings
    Info: Peak virtual memory: 789 megabytes
    Info: Processing ended: Sun Jul  5 18:12:44 2026
    Info: Elapsed time: 00:01:43
    Info: Total CPU time (on all processors): 00:04:11
